// Jest Snapshot v1, https://goo.gl/fbAQLP

exports[`App should match snapshot 1`] = `
<main
  className="App"
>
  <h1>
    IdeaBox
  </h1>
  <Form
    addIdea={[Function]}
  />
  <Ideas
    deleteIdea={[Function]}
    ideas={
      Array [
        Object {
          "description": "Stick googly eyes on all his stuff",
          "id": 1,
          "title": "Prank Travis",
        },
        Object {
          "description": "So you and your rideshare driver can both know neither one of you is lying",
          "id": 2,
          "title": "Make a secret password app",
        },
      ]
    }
  />
</main>
`;
